10:53:09 **** Incremental Build of configuration Debug for project Lab3 ****
make -j8 all 
arm-none-eabi-gcc "../Core/Src/fsm_automatic.c" -mcpu=cortex-m3 -std=gnu11 -g3 -DDEBUG -DUSE_HAL_DRIVER -DSTM32F103x6 -c -I../Core/Inc -I../Drivers/STM32F1xx_HAL_Driver/Inc -I../Drivers/STM32F1xx_HAL_Driver/Inc/Legacy -I../Drivers/CMSIS/Device/ST/STM32F1xx/Include -I../Drivers/CMSIS/Include -O0 -ffunction-sections -fdata-sections -Wall -fstack-usage -MMD -MP -MF"Core/Src/fsm_automatic.d" -MT"Core/Src/fsm_automatic.o" --specs=nano.specs -mfloat-abi=soft -mthumb -o "Core/Src/fsm_automatic.o"
arm-none-eabi-gcc -o "Lab3.elf" @"objects.list"   -mcpu=cortex-m3 -T"G:\Vi xu li\Project\STM32LAB\Lab3\Lab3\STM32F103C6UX_FLASH.ld" --specs=nosys.specs -Wl,-Map="Lab3.map" -Wl,--gc-sections -static --specs=nano.specs -mfloat-abi=soft -mthumb -Wl,--start-group -lc -lm -Wl,--end-group
Finished building target: Lab3.elf
 
arm-none-eabi-size   Lab3.elf 
arm-none-eabi-objdump -h -S  Lab3.elf  > "Lab3.list"
arm-none-eabi-objcopy  -O ihex  Lab3.elf  "Lab3.hex"
arm-none-eabi-objcopy  -O binary  Lab3.elf  "Lab3.bin"
   text	   data	    bss	    dec	    hex	filename
  11840	     56	   1736	  13632	   3540	Lab3.elf
Finished building: default.size.stdout
 
Finished building: Lab3.hex
Finished building: Lab3.bin
 
 
Finished building: Lab3.list
 

10:53:16 Build Finished. 0 errors, 0 warnings. (took 6s.666ms)

