16:44:58 **** Incremental Build of configuration Debug for project Lab_5 ****
make -j8 all 
arm-none-eabi-gcc "../Core/Src/main.c" -mcpu=cortex-m3 -std=gnu11 -g3 -DDEBUG -DUSE_HAL_DRIVER -DSTM32F103x6 -c -I../Core/Inc -I../Drivers/STM32F1xx_HAL_Driver/Inc -I../Drivers/STM32F1xx_HAL_Driver/Inc/Legacy -I../Drivers/CMSIS/Device/ST/STM32F1xx/Include -I../Drivers/CMSIS/Include -O0 -ffunction-sections -fdata-sections -Wall -fstack-usage -MMD -MP -MF"Core/Src/main.d" -MT"Core/Src/main.o" --specs=nano.specs -mfloat-abi=soft -mthumb -o "Core/Src/main.o"
../Core/Src/main.c:76:9: warning: built-in function 'index' declared as non-function [-Wbuiltin-declaration-mismatch]
   76 | uint8_t index=0;
      |         ^~~~~
../Core/Src/main.c: In function 'uart_communication':
../Core/Src/main.c:155:10: warning: pointer targets in passing argument 1 of 'sprintf' differ in signedness [-Wpointer-sign]
  155 |  sprintf(str1,"ADC_VALUE: %d \r\n",ADC_value);
      |          ^~~~
      |          |
      |          uint8_t * {aka unsigned char *}
In file included from ../Core/Src/main.c:22:
g:\vi xu li\stm32cubeide_1.7.0\stm32cubeide\plugins\com.st.stm32cube.ide.mcu.externaltools.gnu-tools-for-stm32.9-2020-q2-update.win32_2.0.0.202105311346\tools\arm-none-eabi\include\stdio.h:244:14: note: expected 'char * restrict' but argument is of type 'uint8_t *' {aka 'unsigned char *'}
  244 | int sprintf (char *__restrict, const char *__restrict, ...)
      |              ^
../Core/Src/main.c:161:11: warning: pointer targets in passing argument 1 of 'sprintf' differ in signedness [-Wpointer-sign]
  161 |   sprintf(str2,"Done!!! \r\n");
      |           ^~~~
      |           |
      |           uint8_t * {aka unsigned char *}
In file included from ../Core/Src/main.c:22:
g:\vi xu li\stm32cubeide_1.7.0\stm32cubeide\plugins\com.st.stm32cube.ide.mcu.externaltools.gnu-tools-for-stm32.9-2020-q2-update.win32_2.0.0.202105311346\tools\arm-none-eabi\include\stdio.h:244:14: note: expected 'char * restrict' but argument is of type 'uint8_t *' {aka 'unsigned char *'}
  244 | int sprintf (char *__restrict, const char *__restrict, ...)
      |              ^
arm-none-eabi-gcc -o "Lab_5.elf" @"objects.list"   -mcpu=cortex-m3 -T"G:\Vi xu li\Project\STM32LAB\Lab5\Lab_5\STM32F103C6UX_FLASH.ld" --specs=nosys.specs -Wl,-Map="Lab_5.map" -Wl,--gc-sections -static --specs=nano.specs -mfloat-abi=soft -mthumb -Wl,--start-group -lc -lm -Wl,--end-group
Finished building target: Lab_5.elf
 
arm-none-eabi-size   Lab_5.elf 
arm-none-eabi-objdump -h -S  Lab_5.elf  > "Lab_5.list"
arm-none-eabi-objcopy  -O ihex  Lab_5.elf  "Lab_5.hex"
arm-none-eabi-objcopy  -O binary  Lab_5.elf  "Lab_5.bin"
   text	   data	    bss	    dec	    hex	filename
  17200	    152	   1888	  19240	   4b28	Lab_5.elf
Finished building: default.size.stdout
 
Finished building: Lab_5.hex
Finished building: Lab_5.bin
 
 
Finished building: Lab_5.list
 
